
> qlexnursing@0.1.0 build
> next build

▲ Next.js 16.3.1 (Turbopack)
✓ Running next.config.ts took 1648ms

  Creating an optimized production build ...
✓ Compiled successfully in 24.6s
  Running TypeScript ...
  Finished TypeScript in 30.3s ...
  Collecting page data using 3 workers ...
  Generating static pages using 3 workers (0/10) ...
  Generating static pages using 3 workers (2/10) 
  Generating static pages using 3 workers (4/10) 
  Generating static pages using 3 workers (7/10) 
✓ Generating static pages using 3 workers (10/10) in 4.2s
  Finalizing page optimization ...

Route (app)
┌ ○ /
├ ○ /_not-found
├ ○ /dashboard
├ ƒ /exam/[id]
├ ○ /exams/nclex-rn
├ ○ /exams/rn-nursing
├ ○ /opengraph-image
├ ƒ /results/[id]
├ ○ /robots.txt
└ ○ /sitemap.xml


○  (Static)   prerendered as static content
ƒ  (Dynamic)  server-rendered on demand

